// Jest Snapshot v1, https://goo.gl/fbAQLP

exports[`furet-ui-thumbnail component snapshot minimum 1`] = `
<section
  id="furet-ui-thumbnail"
  subtitle="Sub Title"
>
  <div
    class="container"
  >
    <!---->
  </div>
   
  <header
    id="furet-ui-page-multi-entries-header"
  >
    <div
      class="level"
    >
      <div
        class="level-left"
      >
        <h2
          class="level-item is-size-3"
        >
          Title
        </h2>
         
        <span
          class="level-item"
        >
           
        </span>
      </div>
       
      <div
        class="level-right"
      >
        <div
          class="level-item"
        >
          <div
            class="field is-grouped-multiline is-grouped"
          >
            <!---->
              
            <!---->
          </div>
        </div>
         
        <!---->
         
        <div
          class="level-item buttons"
        >
          <a
            class="button"
            id="furet-ui-page-multi-entries-header-refresh"
          >
            <span
              class="icon"
            >
              <i
                class="fa fa-redo fa-lg"
              />
            </span>
          </a>
           
          <!---->
        </div>
      </div>
    </div>
     
    <div
      class="collapse panel is-pulled-right"
    >
      <div
        class="collapse-trigger"
      />
      <div
        class="collapse-content"
        id=""
        style="display: none;"
      >
        <div
          class="tags"
        />
      </div>
    </div>
     
    <div
      class="buttons is-grouped is-centered"
    >
      <!---->
       
    </div>
  </header>
   
  <div>
    <div
      class="top level"
    >
      <div
        class="level-left"
      >
        <div
          class="field is-grouped-multiline is-grouped"
        >
          <!---->
           
          <div
            class="control"
          >
            <strong>
              [object Promise] :
            </strong>
            
        0
      
          </div>
           
          <!---->
           
          <!---->
           
          <!---->
           
          <!---->
           
          <!---->
           
          <!---->
        </div>
      </div>
       
      <div
        class="level-right"
      >
        <div
          class="level-item"
        >
          <nav
            class="pagination"
          >
            <a
              class="pagination-link pagination-previous"
              disabled="disabled"
              href="#"
              role="button"
            >
              <span
                aria-hidden="true"
                class="icon"
              >
                <i
                  class="fa fa-angle-left fa-lg"
                />
              </span>
            </a>
             
            <a
              class="pagination-link pagination-next"
              disabled="disabled"
              href="#"
              role="button"
            >
              <span
                aria-hidden="true"
                class="icon"
              >
                <i
                  class="fa fa-angle-right fa-lg"
                />
              </span>
            </a>
             
            <ul
              class="pagination-list"
            >
              <!---->
               
              <!---->
                
              <!---->
               
              <!---->
            </ul>
          </nav>
        </div>
      </div>
    </div>
     
    <!---->
     
    <section
      class="section"
    >
      <div
        class="content has-text-grey has-text-centered"
      >
        <p>
          [object Promise]
        </p>
      </div>
    </section>
     
    <div
      class="top level"
    >
      <div
        class="level-left"
      >
        <div
          class="field is-grouped-multiline is-grouped"
        >
          <!---->
           
          <div
            class="control"
          >
            <strong>
              [object Promise] :
            </strong>
            
        0
      
          </div>
           
          <!---->
           
          <!---->
           
          <!---->
           
          <!---->
           
          <!---->
           
          <!---->
        </div>
      </div>
       
      <div
        class="level-right"
      >
        <div
          class="level-item"
        >
          <nav
            class="pagination"
          >
            <a
              class="pagination-link pagination-previous"
              disabled="disabled"
              href="#"
              role="button"
            >
              <span
                aria-hidden="true"
                class="icon"
              >
                <i
                  class="fa fa-angle-left fa-lg"
                />
              </span>
            </a>
             
            <a
              class="pagination-link pagination-next"
              disabled="disabled"
              href="#"
              role="button"
            >
              <span
                aria-hidden="true"
                class="icon"
              >
                <i
                  class="fa fa-angle-right fa-lg"
                />
              </span>
            </a>
             
            <ul
              class="pagination-list"
            >
              <!---->
               
              <!---->
                
              <!---->
               
              <!---->
            </ul>
          </nav>
        </div>
      </div>
    </div>
  </div>
</section>
`;

exports[`furet-ui-thumbnail component snapshot minimum with error 1`] = `
<section
  id="furet-ui-thumbnail"
  subtitle="Sub Title"
>
  <div
    class="container"
  >
    <!---->
  </div>
   
  <header
    id="furet-ui-page-multi-entries-header"
  >
    <div
      class="level"
    >
      <div
        class="level-left"
      >
        <h2
          class="level-item is-size-3"
        >
          Title
        </h2>
         
        <span
          class="level-item"
        >
           
        </span>
      </div>
       
      <div
        class="level-right"
      >
        <div
          class="level-item"
        >
          <div
            class="field is-grouped-multiline is-grouped"
          >
            <!---->
              
            <!---->
          </div>
        </div>
         
        <!---->
         
        <div
          class="level-item buttons"
        >
          <a
            class="button"
            id="furet-ui-page-multi-entries-header-refresh"
          >
            <span
              class="icon"
            >
              <i
                class="fa fa-redo fa-lg"
              />
            </span>
          </a>
           
          <!---->
        </div>
      </div>
    </div>
     
    <div
      class="collapse panel is-pulled-right"
    >
      <div
        class="collapse-trigger"
      />
      <div
        class="collapse-content"
        id=""
        style="display: none;"
      >
        <div
          class="tags"
        />
      </div>
    </div>
     
    <div
      class="buttons is-grouped is-centered"
    >
      <!---->
       
    </div>
  </header>
   
  <div>
    <div
      class="top level"
    >
      <div
        class="level-left"
      >
        <div
          class="field is-grouped-multiline is-grouped"
        >
          <!---->
           
          <div
            class="control"
          >
            <strong>
              [object Promise] :
            </strong>
            
        0
      
          </div>
           
          <!---->
           
          <!---->
           
          <!---->
           
          <!---->
           
          <!---->
           
          <!---->
        </div>
      </div>
       
      <div
        class="level-right"
      >
        <div
          class="level-item"
        >
          <nav
            class="pagination"
          >
            <a
              class="pagination-link pagination-previous"
              disabled="disabled"
              href="#"
              role="button"
            >
              <span
                aria-hidden="true"
                class="icon"
              >
                <i
                  class="fa fa-angle-left fa-lg"
                />
              </span>
            </a>
             
            <a
              class="pagination-link pagination-next"
              disabled="disabled"
              href="#"
              role="button"
            >
              <span
                aria-hidden="true"
                class="icon"
              >
                <i
                  class="fa fa-angle-right fa-lg"
                />
              </span>
            </a>
             
            <ul
              class="pagination-list"
            >
              <!---->
               
              <!---->
                
              <!---->
               
              <!---->
            </ul>
          </nav>
        </div>
      </div>
    </div>
     
    <!---->
     
    <section
      class="section"
    >
      <div
        class="content has-text-grey has-text-centered"
      >
        <p>
          [object Promise]
        </p>
      </div>
    </section>
     
    <div
      class="top level"
    >
      <div
        class="level-left"
      >
        <div
          class="field is-grouped-multiline is-grouped"
        >
          <!---->
           
          <div
            class="control"
          >
            <strong>
              [object Promise] :
            </strong>
            
        0
      
          </div>
           
          <!---->
           
          <!---->
           
          <!---->
           
          <!---->
           
          <!---->
           
          <!---->
        </div>
      </div>
       
      <div
        class="level-right"
      >
        <div
          class="level-item"
        >
          <nav
            class="pagination"
          >
            <a
              class="pagination-link pagination-previous"
              disabled="disabled"
              href="#"
              role="button"
            >
              <span
                aria-hidden="true"
                class="icon"
              >
                <i
                  class="fa fa-angle-left fa-lg"
                />
              </span>
            </a>
             
            <a
              class="pagination-link pagination-next"
              disabled="disabled"
              href="#"
              role="button"
            >
              <span
                aria-hidden="true"
                class="icon"
              >
                <i
                  class="fa fa-angle-right fa-lg"
                />
              </span>
            </a>
             
            <ul
              class="pagination-list"
            >
              <!---->
               
              <!---->
                
              <!---->
               
              <!---->
            </ul>
          </nav>
        </div>
      </div>
    </div>
  </div>
</section>
`;
