// Jest Snapshot v1, https://goo.gl/fbAQLP

exports[`Render drop down button for view empty view 1`] = `
<div
  testHandleRequestClose={[Function]}
  testHandleTouchTap={[Function]}
>
  <div
    className={undefined}
    style={
      Object {
        "MozBoxSizing": "border-box",
        "WebkitTapHighlightColor": "rgba(0,0,0,0)",
        "WebkitTransition": "all 450ms cubic-bezier(0.23, 1, 0.32, 1) 0ms",
        "backgroundColor": "#ffffff",
        "borderRadius": 2,
        "boxShadow": "0 1px 6px rgba(0, 0, 0, 0.12),
               0 1px 4px rgba(0, 0, 0, 0.12)",
        "boxSizing": "border-box",
        "color": "rgba(0, 0, 0, 0.87)",
        "display": "inline-block",
        "fontFamily": "Roboto, sans-serif",
        "marginTop": 10,
        "minWidth": "100%",
        "muiPrepared": true,
        "transition": "all 450ms cubic-bezier(0.23, 1, 0.32, 1) 0ms",
      }
    }
  >
    <button
      disabled={false}
      href={undefined}
      onBlur={[Function]}
      onClick={[Function]}
      onFocus={[Function]}
      onKeyDown={[Function]}
      onKeyUp={[Function]}
      onMouseDown={[Function]}
      onMouseEnter={[Function]}
      onMouseLeave={[Function]}
      onMouseUp={[Function]}
      onTouchEnd={[Function]}
      onTouchStart={[Function]}
      onTouchTap={[Function]}
      style={
        Object {
          "MozBoxSizing": "border-box",
          "WebkitTapHighlightColor": "rgba(0, 0, 0, 0)",
          "WebkitTransition": "all 450ms cubic-bezier(0.23, 1, 0.32, 1) 0ms",
          "backgroundColor": "#ffffff",
          "border": 10,
          "borderRadius": 2,
          "boxSizing": "border-box",
          "cursor": "pointer",
          "display": "inline-block",
          "fontFamily": "Roboto, sans-serif",
          "fontSize": "inherit",
          "fontWeight": "inherit",
          "height": 36,
          "lineHeight": "36px",
          "margin": 0,
          "muiPrepared": true,
          "outline": "none",
          "padding": 0,
          "position": "relative",
          "textAlign": "center",
          "textDecoration": "none",
          "transition": "all 450ms cubic-bezier(0.23, 1, 0.32, 1) 0ms",
          "verticalAlign": null,
          "width": "100%",
          "zIndex": 1,
        }
      }
      tabIndex={0}
      type="button"
    >
      <div
        onMouseDown={[Function]}
        onMouseLeave={[Function]}
        onMouseUp={[Function]}
        onTouchEnd={[Function]}
        onTouchStart={[Function]}
      >
        <div
          style={
            Object {
              "WebkitTransition": "all 450ms cubic-bezier(0.23, 1, 0.32, 1) 0ms",
              "backgroundColor": false,
              "borderRadius": 2,
              "height": 36,
              "muiPrepared": true,
              "top": 0,
              "transition": "all 450ms cubic-bezier(0.23, 1, 0.32, 1) 0ms",
            }
          }
        >
          <span
            style={
              Object {
                "MozUserSelect": "none",
                "WebkitUserSelect": "none",
                "color": "rgba(0, 0, 0, 0.87)",
                "fontSize": 14,
                "fontWeight": 500,
                "letterSpacing": 0,
                "margin": 0,
                "msUserSelect": "none",
                "muiPrepared": true,
                "opacity": 1,
                "paddingLeft": 16,
                "paddingRight": 16,
                "position": "relative",
                "textTransform": "uppercase",
                "userSelect": "none",
              }
            }
          >
            The label
          </span>
        </div>
      </div>
    </button>
  </div>
  <div
    style={
      Object {
        "display": "none",
      }
    }
  />
</div>
`;

exports[`Render drop down button for view empty view 2`] = `
<div
  testHandleRequestClose={[Function]}
  testHandleTouchTap={[Function]}
>
  <div
    className={undefined}
    style={
      Object {
        "MozBoxSizing": "border-box",
        "WebkitTapHighlightColor": "rgba(0,0,0,0)",
        "WebkitTransition": "all 450ms cubic-bezier(0.23, 1, 0.32, 1) 0ms",
        "backgroundColor": "#ffffff",
        "borderRadius": 2,
        "boxShadow": "0 1px 6px rgba(0, 0, 0, 0.12),
               0 1px 4px rgba(0, 0, 0, 0.12)",
        "boxSizing": "border-box",
        "color": "rgba(0, 0, 0, 0.87)",
        "display": "inline-block",
        "fontFamily": "Roboto, sans-serif",
        "marginTop": 10,
        "minWidth": "100%",
        "muiPrepared": true,
        "transition": "all 450ms cubic-bezier(0.23, 1, 0.32, 1) 0ms",
      }
    }
  >
    <button
      disabled={false}
      href={undefined}
      onBlur={[Function]}
      onClick={[Function]}
      onFocus={[Function]}
      onKeyDown={[Function]}
      onKeyUp={[Function]}
      onMouseDown={[Function]}
      onMouseEnter={[Function]}
      onMouseLeave={[Function]}
      onMouseUp={[Function]}
      onTouchEnd={[Function]}
      onTouchStart={[Function]}
      onTouchTap={[Function]}
      style={
        Object {
          "MozBoxSizing": "border-box",
          "WebkitTapHighlightColor": "rgba(0, 0, 0, 0)",
          "WebkitTransition": "all 450ms cubic-bezier(0.23, 1, 0.32, 1) 0ms",
          "backgroundColor": "#ffffff",
          "border": 10,
          "borderRadius": 2,
          "boxSizing": "border-box",
          "cursor": "pointer",
          "display": "inline-block",
          "fontFamily": "Roboto, sans-serif",
          "fontSize": "inherit",
          "fontWeight": "inherit",
          "height": 36,
          "lineHeight": "36px",
          "margin": 0,
          "muiPrepared": true,
          "outline": "none",
          "padding": 0,
          "position": "relative",
          "textAlign": "center",
          "textDecoration": "none",
          "transition": "all 450ms cubic-bezier(0.23, 1, 0.32, 1) 0ms",
          "verticalAlign": null,
          "width": "100%",
          "zIndex": 1,
        }
      }
      tabIndex={0}
      type="button"
    >
      <div
        onMouseDown={[Function]}
        onMouseLeave={[Function]}
        onMouseUp={[Function]}
        onTouchEnd={[Function]}
        onTouchStart={[Function]}
      >
        <div
          style={
            Object {
              "WebkitTransition": "all 450ms cubic-bezier(0.23, 1, 0.32, 1) 0ms",
              "backgroundColor": false,
              "borderRadius": 2,
              "height": 36,
              "muiPrepared": true,
              "top": 0,
              "transition": "all 450ms cubic-bezier(0.23, 1, 0.32, 1) 0ms",
            }
          }
        >
          <span
            style={
              Object {
                "MozUserSelect": "none",
                "WebkitUserSelect": "none",
                "color": "rgba(0, 0, 0, 0.87)",
                "fontSize": 14,
                "fontWeight": 500,
                "letterSpacing": 0,
                "margin": 0,
                "msUserSelect": "none",
                "muiPrepared": true,
                "opacity": 1,
                "paddingLeft": 16,
                "paddingRight": 16,
                "position": "relative",
                "textTransform": "uppercase",
                "userSelect": "none",
              }
            }
          >
            The label
          </span>
        </div>
      </div>
    </button>
  </div>
  <div
    style={
      Object {
        "display": "none",
      }
    }
  />
</div>
`;

exports[`Render drop down button for view empty view 3`] = `
<div
  testHandleRequestClose={[Function]}
  testHandleTouchTap={[Function]}
>
  <div
    className={undefined}
    style={
      Object {
        "MozBoxSizing": "border-box",
        "WebkitTapHighlightColor": "rgba(0,0,0,0)",
        "WebkitTransition": "all 450ms cubic-bezier(0.23, 1, 0.32, 1) 0ms",
        "backgroundColor": "#ffffff",
        "borderRadius": 2,
        "boxShadow": "0 1px 6px rgba(0, 0, 0, 0.12),
               0 1px 4px rgba(0, 0, 0, 0.12)",
        "boxSizing": "border-box",
        "color": "rgba(0, 0, 0, 0.87)",
        "display": "inline-block",
        "fontFamily": "Roboto, sans-serif",
        "marginTop": 10,
        "minWidth": "100%",
        "muiPrepared": true,
        "transition": "all 450ms cubic-bezier(0.23, 1, 0.32, 1) 0ms",
      }
    }
  >
    <button
      disabled={false}
      href={undefined}
      onBlur={[Function]}
      onClick={[Function]}
      onFocus={[Function]}
      onKeyDown={[Function]}
      onKeyUp={[Function]}
      onMouseDown={[Function]}
      onMouseEnter={[Function]}
      onMouseLeave={[Function]}
      onMouseUp={[Function]}
      onTouchEnd={[Function]}
      onTouchStart={[Function]}
      onTouchTap={[Function]}
      style={
        Object {
          "MozBoxSizing": "border-box",
          "WebkitTapHighlightColor": "rgba(0, 0, 0, 0)",
          "WebkitTransition": "all 450ms cubic-bezier(0.23, 1, 0.32, 1) 0ms",
          "backgroundColor": "#ffffff",
          "border": 10,
          "borderRadius": 2,
          "boxSizing": "border-box",
          "cursor": "pointer",
          "display": "inline-block",
          "fontFamily": "Roboto, sans-serif",
          "fontSize": "inherit",
          "fontWeight": "inherit",
          "height": 36,
          "lineHeight": "36px",
          "margin": 0,
          "muiPrepared": true,
          "outline": "none",
          "padding": 0,
          "position": "relative",
          "textAlign": "center",
          "textDecoration": "none",
          "transition": "all 450ms cubic-bezier(0.23, 1, 0.32, 1) 0ms",
          "verticalAlign": null,
          "width": "100%",
          "zIndex": 1,
        }
      }
      tabIndex={0}
      type="button"
    >
      <div
        onMouseDown={[Function]}
        onMouseLeave={[Function]}
        onMouseUp={[Function]}
        onTouchEnd={[Function]}
        onTouchStart={[Function]}
      >
        <div
          style={
            Object {
              "WebkitTransition": "all 450ms cubic-bezier(0.23, 1, 0.32, 1) 0ms",
              "backgroundColor": false,
              "borderRadius": 2,
              "height": 36,
              "muiPrepared": true,
              "top": 0,
              "transition": "all 450ms cubic-bezier(0.23, 1, 0.32, 1) 0ms",
            }
          }
        >
          <span
            style={
              Object {
                "MozUserSelect": "none",
                "WebkitUserSelect": "none",
                "color": "rgba(0, 0, 0, 0.87)",
                "fontSize": 14,
                "fontWeight": 500,
                "letterSpacing": 0,
                "margin": 0,
                "msUserSelect": "none",
                "muiPrepared": true,
                "opacity": 1,
                "paddingLeft": 16,
                "paddingRight": 16,
                "position": "relative",
                "textTransform": "uppercase",
                "userSelect": "none",
              }
            }
          >
            The label
          </span>
        </div>
      </div>
    </button>
  </div>
  <div
    style={
      Object {
        "display": "none",
      }
    }
  />
</div>
`;

exports[`Render drop down button for view empty view 4`] = `
<div
  testHandleRequestClose={[Function]}
  testHandleTouchTap={[Function]}
>
  <div
    className={undefined}
    style={
      Object {
        "MozBoxSizing": "border-box",
        "WebkitTapHighlightColor": "rgba(0,0,0,0)",
        "WebkitTransition": "all 450ms cubic-bezier(0.23, 1, 0.32, 1) 0ms",
        "backgroundColor": "#ffffff",
        "borderRadius": 2,
        "boxShadow": "0 1px 6px rgba(0, 0, 0, 0.12),
               0 1px 4px rgba(0, 0, 0, 0.12)",
        "boxSizing": "border-box",
        "color": "rgba(0, 0, 0, 0.87)",
        "display": "inline-block",
        "fontFamily": "Roboto, sans-serif",
        "marginTop": 10,
        "minWidth": "100%",
        "muiPrepared": true,
        "transition": "all 450ms cubic-bezier(0.23, 1, 0.32, 1) 0ms",
      }
    }
  >
    <button
      disabled={false}
      href={undefined}
      onBlur={[Function]}
      onClick={[Function]}
      onFocus={[Function]}
      onKeyDown={[Function]}
      onKeyUp={[Function]}
      onMouseDown={[Function]}
      onMouseEnter={[Function]}
      onMouseLeave={[Function]}
      onMouseUp={[Function]}
      onTouchEnd={[Function]}
      onTouchStart={[Function]}
      onTouchTap={[Function]}
      style={
        Object {
          "MozBoxSizing": "border-box",
          "WebkitTapHighlightColor": "rgba(0, 0, 0, 0)",
          "WebkitTransition": "all 450ms cubic-bezier(0.23, 1, 0.32, 1) 0ms",
          "backgroundColor": "#ffffff",
          "border": 10,
          "borderRadius": 2,
          "boxSizing": "border-box",
          "cursor": "pointer",
          "display": "inline-block",
          "fontFamily": "Roboto, sans-serif",
          "fontSize": "inherit",
          "fontWeight": "inherit",
          "height": 36,
          "lineHeight": "36px",
          "margin": 0,
          "muiPrepared": true,
          "outline": "none",
          "padding": 0,
          "position": "relative",
          "textAlign": "center",
          "textDecoration": "none",
          "transition": "all 450ms cubic-bezier(0.23, 1, 0.32, 1) 0ms",
          "verticalAlign": null,
          "width": "100%",
          "zIndex": 1,
        }
      }
      tabIndex={0}
      type="button"
    >
      <div
        onMouseDown={[Function]}
        onMouseLeave={[Function]}
        onMouseUp={[Function]}
        onTouchEnd={[Function]}
        onTouchStart={[Function]}
      >
        <div
          style={
            Object {
              "WebkitTransition": "all 450ms cubic-bezier(0.23, 1, 0.32, 1) 0ms",
              "backgroundColor": false,
              "borderRadius": 2,
              "height": 36,
              "muiPrepared": true,
              "top": 0,
              "transition": "all 450ms cubic-bezier(0.23, 1, 0.32, 1) 0ms",
            }
          }
        >
          <span
            style={
              Object {
                "MozUserSelect": "none",
                "WebkitUserSelect": "none",
                "color": "rgba(0, 0, 0, 0.87)",
                "fontSize": 14,
                "fontWeight": 500,
                "letterSpacing": 0,
                "margin": 0,
                "msUserSelect": "none",
                "muiPrepared": true,
                "opacity": 1,
                "paddingLeft": 16,
                "paddingRight": 16,
                "position": "relative",
                "textTransform": "uppercase",
                "userSelect": "none",
              }
            }
          >
            The label
          </span>
        </div>
      </div>
    </button>
  </div>
  <div
    style={
      Object {
        "display": "none",
      }
    }
  />
</div>
`;
