// Jest Snapshot v1, https://goo.gl/fbAQLP

exports[`Render Login 1`] = `null`;
