// Jest Snapshot v1, https://goo.gl/fbAQLP

exports[`furet-ui-search-bar-view component Render 1`] = `
<div data-server-rendered="true" class="field has-addons">
    <p class="control"><a class="button"><i class="fa fa-search"></i></a></p>
    <p class="control">
        <div debounce="250" class="dropdown v-select searchable" style="background-color:white;">
            <div class="dropdown-toggle"> <input type="search" value="" class="form-control" style="width:100%;"> <i role="presentation" class="open-indicator"></i>
                <div class="spinner" style="display:none;">Loading...</div>
            </div>
            <!---->
        </div>
    </p>
</div>
`;
