// Jest Snapshot v1, https://goo.gl/fbAQLP

exports[`homepage component snapshot 1`] = `
<div
  class="container has-text-centered"
>
  <h1
    class="title"
  >
    Welcome in Furet UI
  </h1>
   
  <div
    class="column is-half is-offset-one-quarter"
  >
    <img
      alt="Logo"
      class="image"
      src="undefined/furet-ui/logo"
    />
  </div>
</div>
`;
