// Jest Snapshot v1, https://goo.gl/fbAQLP

exports[`Picture font-icon fa-user 1`] = `<!---->`;
