// Jest Snapshot v1, https://goo.gl/fbAQLP

exports[`Color Form component Render 1`] = `<span data-label="" data-server-rendered="true" class="tooltip is-primary is-top is-medium" style="width:100%;"><div class="field" style="width:inherit;"><!----> <div class="field has-addons"><p class="control is-expanded"><div class="control is-clearfix"><input type="color" autocomplete="on" value="#123456" class="input"> <!----> <!----> <!----></div></p> <p class="control is-expanded"><div class="control is-clearfix"><input type="text" autocomplete="on" pattern="#[A-Fa-f1-9]{6}" value="#123456" class="input"> <!----> <!----> <!----></div></p></div> <!----></div></span>`;

exports[`Color Form component Render icon 1`] = `
<span data-label="" data-server-rendered="true" class="tooltip is-primary is-top is-medium" style="width:100%;"><div class="field" style="width:inherit;"><!----> <div class="field has-addons"><p class="control is-expanded"><div class="control is-clearfix"><input type="color" autocomplete="on" value="" class="input"> <!----> <!----> <!----></div></p> <p class="control is-expanded"><div class="control has-icons-left is-clearfix"><input type="text" autocomplete="on" pattern="#[A-Fa-f1-9]{6}" value="" class="input"> <span class="icon is-left"><i class="fa fa-user"></i></span>
<!---->
<!---->
</div>
</p>
</div>
<!---->
</div>
</span>
`;

exports[`Color Form component Render invisible condition is false 1`] = `<span data-label="" data-server-rendered="true" class="tooltip is-primary is-top is-medium" style="width:100%;"><div class="field" style="width:inherit;"><!----> <div class="field has-addons"><p class="control is-expanded"><div class="control is-clearfix"><input type="color" autocomplete="on" value="#123456" class="input"> <!----> <!----> <!----></div></p> <p class="control is-expanded"><div class="control is-clearfix"><input type="text" autocomplete="on" pattern="#[A-Fa-f1-9]{6}" value="#123456" class="input"> <!----> <!----> <!----></div></p></div> <!----></div></span>`;

exports[`Color Form component Render invisible condition is true 1`] = `<div data-server-rendered="true"></div>`;

exports[`Color Form component Render invisible is True 1`] = `<div data-server-rendered="true"></div>`;

exports[`Color Form component Render invisible is false 1`] = `<span data-label="" data-server-rendered="true" class="tooltip is-primary is-top is-medium" style="width:100%;"><div class="field" style="width:inherit;"><!----> <div class="field has-addons"><p class="control is-expanded"><div class="control is-clearfix"><input type="color" autocomplete="on" value="#123456" class="input"> <!----> <!----> <!----></div></p> <p class="control is-expanded"><div class="control is-clearfix"><input type="text" autocomplete="on" pattern="#[A-Fa-f1-9]{6}" value="#123456" class="input"> <!----> <!----> <!----></div></p></div> <!----></div></span>`;

exports[`Color Form component Render label 1`] = `<span data-label="" data-server-rendered="true" class="tooltip is-primary is-top is-medium" style="width:100%;"><div class="field" style="width:inherit;"><label class="label">The label</label> <div class="field has-addons"><p class="control is-expanded"><div class="control is-clearfix"><input type="color" autocomplete="on" value="#123456" class="input"> <!----> <!----> <!----></div></p> <p class="control is-expanded"><div class="control is-clearfix"><input type="text" autocomplete="on" pattern="#[A-Fa-f1-9]{6}" value="#123456" class="input"> <!----> <!----> <!----></div></p></div> <!----></div></span>`;

exports[`Color Form component Render mode readonly by config 1`] = `<span data-label="" data-server-rendered="true" class="tooltip is-primary is-top is-medium" style="width:100%;"><div class="field" style="width:inherit;"><!----> <div class="field has-addons"><p class="control is-expanded"><div class="control is-clearfix"><input type="color" disabled="disabled" autocomplete="on" value="#123456" class="input"> <!----> <!----> <!----></div></p> <p class="control is-expanded"><!----></p></div> <!----></div></span>`;

exports[`Color Form component Render mode readonly conditional param 1`] = `<span data-label="" data-server-rendered="true" class="tooltip is-primary is-top is-medium" style="width:100%;"><div class="field" style="width:inherit;"><!----> <div class="field has-addons"><p class="control is-expanded"><div class="control is-clearfix"><input type="color" disabled="disabled" autocomplete="on" value="#123456" class="input"> <!----> <!----> <!----></div></p> <p class="control is-expanded"><!----></p></div> <!----></div></span>`;

exports[`Color Form component Render mode readonly param 1`] = `<span data-label="" data-server-rendered="true" class="tooltip is-primary is-top is-medium" style="width:100%;"><div class="field" style="width:inherit;"><!----> <div class="field has-addons"><p class="control is-expanded"><div class="control is-clearfix"><input type="color" disabled="disabled" autocomplete="on" value="#123456" class="input"> <!----> <!----> <!----></div></p> <p class="control is-expanded"><!----></p></div> <!----></div></span>`;

exports[`Color Form component Render placeholder 1`] = `<span data-label="" data-server-rendered="true" class="tooltip is-primary is-top is-medium" style="width:100%;"><div class="field" style="width:inherit;"><!----> <div class="field has-addons"><p class="control is-expanded"><div class="control is-clearfix"><input type="color" autocomplete="on" value="" class="input"> <!----> <!----> <!----></div></p> <p class="control is-expanded"><div class="control is-clearfix"><input type="text" placeholder="The placeholder" autocomplete="on" pattern="#[A-Fa-f1-9]{6}" value="" class="input"> <!----> <!----> <!----></div></p></div> <!----></div></span>`;

exports[`Color Form component Render required 1`] = `
<span data-label="" data-server-rendered="true" class="tooltip is-primary is-top is-medium" style="width:100%;"><div class="field" style="width:inherit;"><!----> <div class="field has-addons"><p class="control is-expanded"><div class="control has-icons-right is-clearfix"><input type="color" autocomplete="on" value="#123456" class="input is-info"> <!----> <span class="icon is-right is-info"><i class="fa fa-info-circle"></i></span>
<!---->
</div>
</p>
<p class="control is-expanded">
    <div class="control has-icons-right is-clearfix"><input type="text" autocomplete="on" pattern="#[A-Fa-f1-9]{6}" value="#123456" class="input is-info">
        <!----><span class="icon is-right is-info"><i class="fa fa-info-circle"></i></span>
        <!---->
    </div>
</p>
</div>
<!---->
</div>
</span>
`;

exports[`Color Form component Render required conditionnal 1`] = `
<span data-label="" data-server-rendered="true" class="tooltip is-primary is-top is-medium" style="width:100%;"><div class="field" style="width:inherit;"><!----> <div class="field has-addons"><p class="control is-expanded"><div class="control has-icons-right is-clearfix"><input type="color" autocomplete="on" value="#123456" class="input is-info"> <!----> <span class="icon is-right is-info"><i class="fa fa-info-circle"></i></span>
<!---->
</div>
</p>
<p class="control is-expanded">
    <div class="control has-icons-right is-clearfix"><input type="text" autocomplete="on" pattern="#[A-Fa-f1-9]{6}" value="#123456" class="input is-info">
        <!----><span class="icon is-right is-info"><i class="fa fa-info-circle"></i></span>
        <!---->
    </div>
</p>
</div>
<!---->
</div>
</span>
`;

exports[`Color Form component Render required without value 1`] = `
<span data-label="" data-server-rendered="true" class="tooltip is-primary is-top is-medium" style="width:100%;"><div class="field" style="width:inherit;"><!----> <div class="field has-addons"><p class="control is-expanded"><div class="control has-icons-right"><input type="color" autocomplete="on" value="" class="input is-danger"> <!----> <span class="icon is-right is-danger"><i class="fa fa-exclamation-circle"></i></span>
<!---->
</div>
</p>
<p class="control is-expanded">
    <div class="control has-icons-right"><input type="text" autocomplete="on" pattern="#[A-Fa-f1-9]{6}" value="" class="input is-danger">
        <!----><span class="icon is-right is-danger"><i class="fa fa-exclamation-circle"></i></span>
        <!---->
    </div>
</p>
</div>
<p class="help is-danger">this field is required</p>
</div>
</span>
`;

exports[`Color Form component Render tooltip left 1`] = `<span data-label="The left tooltip" data-server-rendered="true" class="tooltip is-primary is-left is-medium" style="width:100%;"><div class="field" style="width:inherit;"><!----> <div class="field has-addons"><p class="control is-expanded"><div class="control is-clearfix"><input type="color" autocomplete="on" value="#123456" class="input"> <!----> <!----> <!----></div></p> <p class="control is-expanded"><div class="control is-clearfix"><input type="text" autocomplete="on" pattern="#[A-Fa-f1-9]{6}" value="#123456" class="input"> <!----> <!----> <!----></div></p></div> <!----></div></span>`;

exports[`Color Form component Render tooltip up 1`] = `<span data-label="The tooltip" data-server-rendered="true" class="tooltip is-primary is-top is-medium" style="width:100%;"><div class="field" style="width:inherit;"><!----> <div class="field has-addons"><p class="control is-expanded"><div class="control is-clearfix"><input type="color" autocomplete="on" value="#123456" class="input"> <!----> <!----> <!----></div></p> <p class="control is-expanded"><div class="control is-clearfix"><input type="text" autocomplete="on" pattern="#[A-Fa-f1-9]{6}" value="#123456" class="input"> <!----> <!----> <!----></div></p></div> <!----></div></span>`;

exports[`Color Form component Render without data 1`] = `<span data-label="" data-server-rendered="true" class="tooltip is-primary is-top is-medium" style="width:100%;"><div class="field" style="width:inherit;"><!----> <div class="field has-addons"><p class="control is-expanded"><div class="control is-clearfix"><input type="color" autocomplete="on" value="" class="input"> <!----> <!----> <!----></div></p> <p class="control is-expanded"><div class="control is-clearfix"><input type="text" autocomplete="on" pattern="#[A-Fa-f1-9]{6}" value="" class="input"> <!----> <!----> <!----></div></p></div> <!----></div></span>`;

exports[`Color Thumbnail component Render 1`] = `<span data-label="" data-server-rendered="true" class="tooltip is-primary is-top is-medium" style="width:100%;"><div class="field" style="width:inherit;"><!----> <div class="control is-clearfix"><input type="color" disabled="disabled" autocomplete="on" value="#123456" class="input"> <!----> <!----> <!----></div> <!----></div></span>`;

exports[`Color Thumbnail component Render invisible condition is false 1`] = `<span data-label="" data-server-rendered="true" class="tooltip is-primary is-top is-medium" style="width:100%;"><div class="field" style="width:inherit;"><!----> <div class="control is-clearfix"><input type="color" disabled="disabled" autocomplete="on" value="#123456" class="input"> <!----> <!----> <!----></div> <!----></div></span>`;

exports[`Color Thumbnail component Render invisible condition is true 1`] = `<div data-server-rendered="true"></div>`;

exports[`Color Thumbnail component Render invisible is True 1`] = `<div data-server-rendered="true"></div>`;

exports[`Color Thumbnail component Render invisible is false 1`] = `<span data-label="" data-server-rendered="true" class="tooltip is-primary is-top is-medium" style="width:100%;"><div class="field" style="width:inherit;"><!----> <div class="control is-clearfix"><input type="color" disabled="disabled" autocomplete="on" value="#123456" class="input"> <!----> <!----> <!----></div> <!----></div></span>`;

exports[`Color Thumbnail component Render label 1`] = `<span data-label="" data-server-rendered="true" class="tooltip is-primary is-top is-medium" style="width:100%;"><div class="field" style="width:inherit;"><label class="label">The label</label> <div class="control is-clearfix"><input type="color" disabled="disabled" autocomplete="on" value="#123456" class="input"> <!----> <!----> <!----></div> <!----></div></span>`;

exports[`Color Thumbnail component Render tooltip left 1`] = `<span data-label="The left tooltip" data-server-rendered="true" class="tooltip is-primary is-left is-medium" style="width:100%;"><div class="field" style="width:inherit;"><!----> <div class="control is-clearfix"><input type="color" disabled="disabled" autocomplete="on" value="#123456" class="input"> <!----> <!----> <!----></div> <!----></div></span>`;

exports[`Color Thumbnail component Render tooltip up 1`] = `<span data-label="The tooltip" data-server-rendered="true" class="tooltip is-primary is-top is-medium" style="width:100%;"><div class="field" style="width:inherit;"><!----> <div class="control is-clearfix"><input type="color" disabled="disabled" autocomplete="on" value="#123456" class="input"> <!----> <!----> <!----></div> <!----></div></span>`;

exports[`Color Thumbnail component Render without data 1`] = `<span data-label="" data-server-rendered="true" class="tooltip is-primary is-top is-medium" style="width:100%;"><div class="field" style="width:inherit;"><!---->  <!----></div></span>`;

exports[`Color list component Render invisible condition is false 1`] = `
<div data-server-rendered="true" class="control is-clearfix"><input type="color" disabled="disabled" autocomplete="on" value="#123456" class="input">
    <!---->
    <!---->
    <!---->
</div>
`;

exports[`Color list component Render invisible condition is true 1`] = `<span data-server-rendered="true"></span>`;

exports[`Color list component Render invisible is True 1`] = `<span data-server-rendered="true"></span>`;

exports[`Color list component Render invisible is false 1`] = `
<div data-server-rendered="true" class="control is-clearfix"><input type="color" disabled="disabled" autocomplete="on" value="#123456" class="input">
    <!---->
    <!---->
    <!---->
</div>
`;

exports[`Color list component Render with data 1`] = `
<div data-server-rendered="true" class="control is-clearfix"><input type="color" disabled="disabled" autocomplete="on" value="#123456" class="input">
    <!---->
    <!---->
    <!---->
</div>
`;

exports[`Color list component Render without data 1`] = `<span data-server-rendered="true"></span>`;
