// Jest Snapshot v1, https://goo.gl/fbAQLP

exports[`Render Unknown field 1`] = `
<div>
  Test
</div>
`;

exports[`getField with unknown field 1`] = `
<div>
  Test
</div>
`;

exports[`getField with unknown view 1`] = `
<div>
  Test
</div>
`;
